// Jest Snapshot v1, https://goo.gl/fbAQLP

exports[`Works when it has an error outside the tests 1`] = `
"FAIL integrationTests/__fixtures__/errorOutsideTest/__mocha__/__tests__/file.test.js
    My tests This test thows an error
Error: Some error message
      at mocked-stack-trace
  My tests
    âœ• This test thows an error
Test Suites: 1 failed, 1 total
Tests:       1 failed, 1 total
Snapshots:   0 total
Time:
Ran all test suites.

"
`;
