// Jest Snapshot v1, https://goo.gl/fbAQLP

exports[`Works when it has failing tests 1`] = `
"FAIL integrationTests/__fixtures__/failing/__mocha__/__tests__/file.test.js
    My tests This test fails
      [31mAssertionError: 1 == 2[0m
      [32m+ expected[0m [31m- actual[0m
      [31m-1[0m
      [32m+2[0m
      at mocked-stack-trace
  My tests
    âœ• This test fails
Test Suites: 1 failed, 1 total
Tests:       1 failed, 1 total
Snapshots:   0 total
Time:
Ran all test suites.

"
`;
